// Jest Snapshot v1, https://goo.gl/fbAQLP

exports[`<ItuneCard /> should render and match the snapshot 1`] = `
<body>
  <div>
    <div
      data-testid="itune-card"
    >
      <div
        class="ant-card ant-card-bordered ItuneCard__StyledCard-sc-1fg0mgb-0 lbzofK"
      >
        <div
          class="ant-card-cover"
        >
          <img
            alt="song cover"
            class="ItuneCard__StyledImg-sc-1fg0mgb-1 fpRYqQ"
            data-testid="song-image"
          />
        </div>
        <div
          class="ant-card-body"
        >
          <div
            class="ant-card-meta"
            data-testid="song-detail"
          >
            <div
              class="ant-card-meta-detail"
            >
              <div
                class="ant-card-meta-title"
              >
                not found
              </div>
              <div
                class="ant-card-meta-description"
              >
                not found
              </div>
            </div>
          </div>
        </div>
      </div>
    </div>
  </div>
</body>
`;
